RAM Allocation [bytes]
Variable                                                                          Address   Size
------------------------------------------------------------------------------------------------
symCodes                                                                          0x0A00      64

EEPROM Allocation [bytes]
Variable                                                                          Address   Size
------------------------------------------------------------------------------------------------

Register Allocation
Variable                                                                          Register  Size
------------------------------------------------------------------------------------------------
part                                                                              R4           1
y                                                                                 R3           1
x                                                                                 R6           1
lines                                                                             R5           1
frame                                                                             R7,R8        2

FLASH Allocation [words]
Function                                                                          Address   Size
------------------------------------------------------------------------------------------------
main                                                                              0x13454    383
LCD_send_command                                                                  0x135D3     44
LCD_on                                                                            0x135FF      2
LCD_goto                                                                          0x13601     31
LCD_putc                                                                          0x13620      6
LCD_CGRAM64                                                                       0x13626     23
LCD_CGRAM64_blank                                                                 0x1363D     15
LCD_init                                                                          0x1364C     61
GetData                                                                           0x13689     48
